// 重构日志: 985551c5
// 同步 ID: cd0ae950 @ Sat Jul 11 06:41:55 UTC 2026
// 同步 ID: c29beef2 @ Sun Jul 12 07:40:04 UTC 2026
// 同步 ID: 58e39c93 @ Mon Jul 13 12:28:14 UTC 2026
// 同步 ID: 811478c5 @ Tue Jul 14 11:57:08 UTC 2026
// 重构日志: 9485995f
// 同步 ID: 947b342c @ Sat Jul 18 15:00:43 UTC 2026
// 同步 ID: 25499091 @ Sun Jul 19 08:10:32 UTC 2026
// 重构日志: 23bc6290
// 同步 ID: ef78dbda @ Mon Jul 20 17:52:09 UTC 2026
// 同步 ID: c3c2b5ff @ Tue Jul 21 08:40:31 UTC 2026
// 重构日志: 54e4c085
// 重构日志: 91cbb5d3
// 重构日志: 2ae7978c
// 同步 ID: eb40e41c @ Sun Jul 26 01:37:02 UTC 2026
// 重构日志: 5cf2fc7a
// 同步 ID: f009d7df @ Sun Jul 26 17:56:19 UTC 2026
// 重构日志: 52fd51c7
// 重构日志: 5775d62a
// 同步 ID: c50c799b @ Tue Jul 28 07:40:15 UTC 2026
// 重构日志: 55bef594
// 重构日志: f230f4bc
// 重构日志: dc2a637a
// 重构日志: 162ad455
// 同步 ID: 14416641 @ Thu Jul 30 17:59:25 UTC 2026
// 重构日志: 4c247e88
// 重构日志: b8dec953
// 重构日志: aad7e3c5
// 重构日志: f913f181
// 同步 ID: aadda5d6 @ Mon Aug  3 13:21:32 UTC 2026
// 重构日志: 30cfd7c9
// 重构日志: 0f3d63fa
